DeepSeek-V4-Flash-0731-262K-think|deepseek-v4-flash
Kimi-K2.6|kimi-k2.6
Kimi-K2.7-Code|kimi-k2.7
gemini-3.1-flash-lite|gemini-3.1-flash-lite
Qwen/Qwen3.6-27B-FP8|qwen3.6
DeepSeek-V4-Pro-think|deepseek-v4-pro
Qwen/Qwen3.5-122B-A10B|qwen3.5
MiniMax-M3-highspeed|MiniMax-M3
DeepSeek-V4-Flash-0731-262K|deepseek-v4-flash
DeepSeek-V4-Pro|deepseek-v4-pro
black-forest-labs/FLUX.2-klein-4B|FLUX.2-klein-4B
DeepSeek-V4-Flash-0731|deepseek-v4-flash
GLM-5.1-think|glm-5.1
Qwen/Qwen3.6-35B-A3B-FP8|qwen3.6
google/gemma-4-31B-it|gemma-4-31b-it
DeepSeek-V4-Flash|deepseek-v4-flash
GLM-5.2|glm-5.2
GLM-5.2-Long-think|glm-5.2
GLM-5.1|glm-5.1
openai/gpt-oss-120b|gpt-oss-120b
DeepSeek-V4-Flash-think|deepseek-v4-flash
MiniMax-M3-highspeed-think|MiniMax-M3
GLM-5.2-think|glm-5.2
deepseek-ai/deepseek-v4-flash|deepseek-v4-flash
z-ai/glm-5.2|glm-5.2
grok-chat-fast|grok-chat-fast
ff|ff
grok-4.20-multi-agent-0309|grok-4.20-multi-agent-0309
grok-4.3|grok-4.3
minimax-m3|MiniMax-M3
gpt-oss-120b|gpt-oss-120b
gpt-oss-20b|gpt-oss-20b
grok-4.5|grok-4.5
grok-4.6|grok-4.6
42|42
grok-imagine-video|grok-imagine-video
grok-4.20-0309-non-reasoning|grok-4.20-0309-non-reasoning
moonshotai/kimi-k2.6|kimi-k2.6
qwen/qwen3.5-397b-a17b|qwen3.5
zai-glm-5-2|glm-5.2
deepseek-ai/deepseek-v4-flash-0731|deepseek-v4-flash
qwen/qwen3-next-80b-a3b-instruct|qwen3-next
kimi-k3|kimi-k3
mimo-v2.5|mimo-v2.5
minimaxai/minimax-m2.7|MiniMax-M2.7
deepseek-ai/deepseek-v4-pro|deepseek-v4-pro
grok-4.20-0309-reasoning|grok-4.20-0309-reasoning
grok-imagine-image|grok-imagine-image
grok-imagine-image-quality|grok-imagine-image-quality
minimaxai/minimax-m3|MiniMax-M3
grok-imagine-image-lite|grok-imagine-image-lite
openai/gpt-oss-20b|gpt-oss-20b
mimo-v2.5-pro|mimo-v2.5-pro
mimo-v2.5-tts|mimo-v2.5-tts
mimo-v2.5-tts-voiceclone|mimo-v2.5-tts-voiceclone
mimo-v2.5-tts-voicedesign|mimo-v2.5-tts-voicedesign
gpt-5.5|gpt-5.5
claude-sonnet-5|claude-sonnet-5
gemini-2.5-pro-1m|gemini-2.5-pro
gemini-3.1-pro-preview|gemini-3.1-pro-preview
gpt-5.6-sol|gpt-5.6-sol
claude-mythos-preview|claude-mythos-preview
deepseek-v4-pro-0813|deepseek-v4-pro
MiniMax-M2.7-highspeed|MiniMax-M2.7
gpt-5.4-mini|gpt-5.4-mini
gpt-5.4|gpt-5.4
claude-haiku-4-5|claude-haiku-4-5
MiniMax-M2.7|MiniMax-M2.7
gpt-5.6-terra|gpt-5.6-terra
deepseek-v4-flash[1m]|deepseek-v4-flash
glm-5|glm-5
gpt-image-2-1024x1024|gpt-image-2
gpt-image-2-1536x1024|gpt-image-2
42-pro|42-pro
mimo-v2-tts|mimo-v2-tts
42-mini|42-mini
abab5.5-chat|abab5.5-chat
claude-opus-4-8|claude-opus-4-8
deepseek-v4-pro[1m]|deepseek-v4-pro
MiniMax-M2.5|MiniMax-M2.5
claude-haiku-4-5-20251001|claude-haiku-4-5-20251001
gpt-image-2-1024x1536|gpt-image-2
abab5.5s-chat|abab5.5s-chat
claude-opus-5|claude-opus-5
gpt-5.2|gpt-5.2
mimo-v2-pro|mimo-v2-pro
gpt-image-2|gpt-image-2
mimo-v2-omni|mimo-v2-omni
claude-opus-4-7|claude-opus-4-7
deepseek-v4-vision|deepseek-v4-vision
gpt-image-1|gpt-image-1
llama3.1-8B|llama3.1-8b
z-ai/glm-5.1|glm-5.1
gpt-5.3-codex|gpt-5.3-codex
MiniMax-M2.5-highspeed|MiniMax-M2.5
gpt-5.6-luna|gpt-5.6-luna
grok-3-mini|grok-3-mini
grok-3-mini-fast|grok-3-mini-fast
claude-fable-5|claude-fable-5
grok-4.20-multi-agent-medium|grok-4.20-multi-agent-medium
claude-sonnet-4-6|claude-sonnet-4-6
grok-4.20-multi-agent-low|grok-4.20-multi-agent-low
grok-4.20-multi-agent-xhigh|grok-4.20-multi-agent-xhigh
grok-4.20-fast|grok-4.20-fast
grok-4.20-heavy|grok-4.20-heavy
grok-4.20-multi-agent|grok-4.20-multi-agent
grok-4.20-multi-agent-high|grok-4.20-multi-agent-high
grok-4.20-expert|grok-4.20-expert
codex-auto-review|codex-auto-review
glm-5-2|glm-5.2
deepseek-v4-flash-free|deepseek-v4-flash
hy3-free|hy3
laguna-s-2.1-free|laguna-s-2.1
mimo-v2.5-free|mimo-v2.5
nemotron-3-ultra-free|nemotron-3-ultra
nemotron-3.5-lightning-free|nemotron-3.5-lightning
Kimi-K2.7-Code-think|kimi-k2.7
DeepSeek-V4-Flash-0731-1M|deepseek-v4-flash
DeepSeek-V4-Flash-0731-think|deepseek-v4-flash
kimi-k2.5|kimi-k2.5
qwen3-8-27b|qwen3.8
